2026-10-06 11:50:28,451 | INFO | START P01_absolute
2026-10-06 11:50:31,450 | INFO | PASS P01_absolute: 5/5 checks
2026-10-06 11:50:31,450 | INFO | START P02_index_parity
2026-10-06 11:50:32,831 | INFO | PASS P02_index_parity: 5/5 checks
2026-10-06 11:50:32,831 | INFO | START P03_increment_by_index
2026-10-06 11:50:34,019 | INFO | PASS P03_increment_by_index: 5/5 checks
2026-10-06 11:50:34,019 | INFO | START P04_first_element
2026-10-06 11:50:35,776 | INFO | PASS P04_first_element: 5/5 checks
2026-10-06 11:50:35,776 | INFO | START P05_histogram
2026-10-06 11:50:37,526 | INFO | PASS P05_histogram: 5/5 checks
2026-10-06 11:50:37,526 | INFO | START P06_count_greater_than
2026-10-06 11:50:37,560 | INFO | PASS P06_count_greater_than: 5/5 checks
2026-10-06 11:50:37,560 | INFO | START P07_sum_with_next
2026-10-06 11:50:39,308 | INFO | PASS P07_sum_with_next: 5/5 checks
2026-10-06 11:50:39,308 | INFO | START P08_pairwise_sum
2026-10-06 11:50:40,672 | INFO | PASS P08_pairwise_sum: 5/5 checks
2026-10-06 11:50:40,672 | INFO | START P09_check_increasing
2026-10-06 11:50:41,971 | INFO | PASS P09_check_increasing: 5/5 checks
2026-10-06 11:50:41,971 | INFO | START P10_rotate_left
2026-10-06 11:50:43,744 | INFO | PASS P10_rotate_left: 5/5 checks
2026-10-06 11:50:43,744 | INFO | START P11_check_palindrome
2026-10-06 11:50:45,447 | INFO | PASS P11_check_palindrome: 5/5 checks
2026-10-06 11:50:45,447 | INFO | START P12_sorting
2026-10-06 11:50:47,345 | INFO | PASS P12_sorting: 5/5 checks
