2026-09-30 12:55:45,987 | INFO | START tracr=1.0.0 commit=9ce2b8c82b6ba10e62e86cf6f390e7536d4fd2cd python=3.12.14
2026-09-30 13:32:13,008 | INFO | START P01_absolute
2026-09-30 13:32:13,008 | ERROR | FAILED P01_absolute
Traceback (most recent call last):
  File "/var/folders/ws/jkrgcjc96y7575487hgf4s6c0000gp/T/ipykernel_7643/2856137200.py", line 23, in <module>
    causal=CAUSAL,
           ^^^^^^
NameError: name 'CAUSAL' is not defined. Did you mean: 'CASUAL'?
2026-09-30 13:32:43,339 | INFO | START P01_absolute
2026-09-30 13:32:44,307 | ERROR | FAILED P01_absolute
Traceback (most recent call last):
  File "/var/folders/ws/jkrgcjc96y7575487hgf4s6c0000gp/T/ipykernel_7643/1265691747.py", line 28, in <module>
    summary, variables, selectors = extract_schedule(
                                    ^^^^^^^^^^^^^^^^^
  File "/var/folders/ws/jkrgcjc96y7575487hgf4s6c0000gp/T/ipykernel_7643/1701861443.py", line 8, in extract_schedule
    bos_dir=BasisDirection(rasp.tokens.label, BOS),
            ^^^^^^^^^^^^^^
NameError: name 'BasisDirection' is not defined
2026-09-30 13:34:09,269 | INFO | START P01_absolute
2026-09-30 13:34:10,646 | INFO | PASS P01_absolute: 1 layers, 2 variables, 5/5 checks
2026-09-30 13:34:10,647 | INFO | LANE P01_absolute: absolute_1 -> [0, 1, 2, 3, 4, 5]; after mlp1
2026-09-30 13:34:10,647 | INFO | LANE P01_absolute: tokens -> [12, 13, 14, 15, 16, 17, 18, 19]; input embedding
2026-09-30 13:34:10,647 | INFO | START P02_index_parity
2026-09-30 13:34:11,706 | INFO | PASS P02_index_parity: 1 layers, 3 variables, 5/5 checks
2026-09-30 13:34:11,707 | INFO | LANE P02_index_parity: index_parity_2 -> [0, 1]; after mlp1
2026-09-30 13:34:11,707 | INFO | LANE P02_index_parity: tokens -> [9, 10, 11, 12, 13, 14, 15, 16]; input embedding
2026-09-30 13:34:11,707 | INFO | LANE P02_index_parity: indices -> [2, 3, 4, 5, 6, 7]; input embedding
2026-09-30 13:34:11,707 | INFO | START P03_increment_by_index
2026-09-30 13:34:12,598 | INFO | PASS P03_increment_by_index: 1 layers, 3 variables, 5/5 checks
2026-09-30 13:34:12,598 | INFO | LANE P03_increment_by_index: increment_by_index_3 -> [0, 1, 2, 3, 4, 5, 6, 7, 8, 9, 10, 11, 12]; after mlp1
2026-09-30 13:34:12,598 | INFO | LANE P03_increment_by_index: tokens -> [20, 21, 22, 23, 24, 25, 26, 27]; input embedding
2026-09-30 13:34:12,599 | INFO | LANE P03_increment_by_index: indices -> [13, 14, 15, 16, 17, 18]; input embedding
2026-09-30 13:34:12,599 | INFO | START P04_first_element
2026-09-30 13:34:13,840 | INFO | PASS P04_first_element: 1 layers, 3 variables, 5/5 checks
2026-09-30 13:34:13,840 | INFO | LANE P04_first_element: first_element_4 -> [0, 1, 2, 3, 4, 5, 6, 7]; after attention1
2026-09-30 13:34:13,840 | INFO | LANE P04_first_element: tokens -> [15, 16, 17, 18, 19, 20, 21, 22]; input embedding
2026-09-30 13:34:13,841 | INFO | LANE P04_first_element: indices -> [8, 9, 10, 11, 12, 13]; input embedding
2026-09-30 13:34:13,841 | INFO | START P05_histogram
2026-09-30 13:34:15,131 | INFO | PASS P05_histogram: 1 layers, 2 variables, 5/5 checks
2026-09-30 13:34:15,131 | INFO | LANE P05_histogram: histogram_6 -> [0, 1, 2, 3, 4, 5, 6]; after mlp1
2026-09-30 13:34:15,131 | INFO | LANE P05_histogram: tokens -> [15, 16, 17, 18, 19, 20, 21, 22]; input embedding
2026-09-30 13:34:15,131 | INFO | START P06_count_greater_than
2026-09-30 13:34:15,157 | INFO | PASS P06_count_greater_than: 1 layers, 2 variables, 5/5 checks
2026-09-30 13:34:15,158 | INFO | LANE P06_count_greater_than: count_greater_than_8 -> [0, 1, 2, 3, 4, 5, 6]; after mlp1
2026-09-30 13:34:15,158 | INFO | LANE P06_count_greater_than: tokens -> [15, 16, 17, 18, 19, 20, 21, 22]; input embedding
2026-09-30 13:34:15,158 | INFO | START P07_sum_with_next
2026-09-30 13:34:16,445 | INFO | PASS P07_sum_with_next: 3 layers, 6 variables, 5/5 checks
2026-09-30 13:34:16,445 | INFO | LANE P07_sum_with_next: sum_with_next_10 -> [30, 31, 32, 33, 34, 35, 36, 37, 38, 39, 40, 41, 42, 43, 44]; after mlp3
2026-09-30 13:34:16,445 | INFO | LANE P07_sum_with_next: tokens -> [45, 46, 47, 48, 49, 50, 51, 52]; input embedding
2026-09-30 13:34:16,446 | INFO | LANE P07_sum_with_next: next_value_11 -> [21, 22, 23, 24, 25, 26, 27, 28]; after attention3
2026-09-30 13:34:16,446 | INFO | LANE P07_sum_with_next: indices -> [0, 1, 2, 3, 4, 5]; input embedding
2026-09-30 13:34:16,446 | INFO | LANE P07_sum_with_next: next_clamped_index_13 -> [14, 15, 16, 17, 18, 19, 20]; after mlp2
2026-09-30 13:34:16,446 | INFO | LANE P07_sum_with_next: length_14 -> [6, 7, 8, 9, 10, 11, 12]; after mlp1
2026-09-30 13:34:16,447 | INFO | START P08_pairwise_sum
2026-09-30 13:34:17,397 | INFO | PASS P08_pairwise_sum: 3 layers, 6 variables, 5/5 checks
2026-09-30 13:34:17,398 | INFO | LANE P08_pairwise_sum: pairwise_sum_16 -> [15, 16, 17, 18, 19, 20, 21, 22, 23, 24, 25, 26, 27, 28, 29]; after mlp3
2026-09-30 13:34:17,398 | INFO | LANE P08_pairwise_sum: tokens -> [44, 45, 46, 47, 48, 49, 50, 51]; input embedding
2026-09-30 13:34:17,398 | INFO | LANE P08_pairwise_sum: previous_value_17 -> [36, 37, 38, 39, 40, 41, 42, 43]; after attention3
2026-09-30 13:34:17,398 | INFO | LANE P08_pairwise_sum: indices -> [0, 1, 2, 3, 4, 5]; input embedding
2026-09-30 13:34:17,399 | INFO | LANE P08_pairwise_sum: previous_cyclic_index_19 -> [30, 31, 32, 33, 34, 35]; after mlp2
2026-09-30 13:34:17,399 | INFO | LANE P08_pairwise_sum: length_20 -> [6, 7, 8, 9, 10, 11, 12]; after mlp1
2026-09-30 13:34:17,399 | INFO | START P09_check_increasing
2026-09-30 13:34:18,309 | INFO | PASS P09_check_increasing: 3 layers, 6 variables, 5/5 checks
2026-09-30 13:34:18,309 | INFO | LANE P09_check_increasing: check_increasing_22 -> [0, 1]; after mlp3
2026-09-30 13:34:18,309 | INFO | LANE P09_check_increasing: decrease_count_23 -> [2, 3, 4, 5, 6, 7, 8]; after mlp2
2026-09-30 13:34:18,310 | INFO | LANE P09_check_increasing: locally_increasing_25 -> [16, 17]; after mlp1
2026-09-30 13:34:18,310 | INFO | LANE P09_check_increasing: indices -> [10, 11, 12, 13, 14, 15]; input embedding
2026-09-30 13:34:18,310 | INFO | LANE P09_check_increasing: tokens -> [27, 28, 29, 30, 31, 32, 33, 34]; input embedding
2026-09-30 13:34:18,310 | INFO | LANE P09_check_increasing: shift_by(1)_26 -> [19, 20, 21, 22, 23, 24, 25, 26]; after attention1
2026-09-30 13:34:18,310 | INFO | START P10_rotate_left
2026-09-30 13:34:19,548 | INFO | PASS P10_rotate_left: 3 layers, 5 variables, 5/5 checks
2026-09-30 13:34:19,548 | INFO | LANE P10_rotate_left: rotate_left_28 -> [21, 22, 23, 24, 25, 26, 27, 28]; after attention3
2026-09-30 13:34:19,548 | INFO | LANE P10_rotate_left: tokens -> [29, 30, 31, 32, 33, 34, 35, 36]; input embedding
2026-09-30 13:34:19,549 | INFO | LANE P10_rotate_left: indices -> [0, 1, 2, 3, 4, 5]; input embedding
2026-09-30 13:34:19,549 | INFO | LANE P10_rotate_left: next_index_30 -> [14, 15, 16, 17, 18, 19]; after mlp2
2026-09-30 13:34:19,549 | INFO | LANE P10_rotate_left: length_31 -> [6, 7, 8, 9, 10, 11, 12]; after mlp1
2026-09-30 13:34:19,549 | INFO | START P11_check_palindrome
2026-09-30 13:34:20,778 | INFO | PASS P11_check_palindrome: 6 layers, 9 variables, 5/5 checks
2026-09-30 13:34:20,778 | INFO | LANE P11_check_palindrome: check_palindrome_33 -> [0, 1]; after mlp6
2026-09-30 13:34:20,778 | INFO | LANE P11_check_palindrome: mismatch_count_34 -> [18, 19, 20, 21, 22, 23, 24]; after mlp5
2026-09-30 13:34:20,779 | INFO | LANE P11_check_palindrome: mirror_matches_36 -> [16, 17]; after mlp4
2026-09-30 13:34:20,779 | INFO | LANE P11_check_palindrome: indices -> [2, 3, 4, 5, 6, 7]; input embedding
2026-09-30 13:34:20,779 | INFO | LANE P11_check_palindrome: tokens -> [59, 60, 61, 62, 63, 64, 65, 66]; input embedding
2026-09-30 13:34:20,779 | INFO | LANE P11_check_palindrome: reverse_37 -> [51, 52, 53, 54, 55, 56, 57, 58]; after attention4
2026-09-30 13:34:20,779 | INFO | LANE P11_check_palindrome: opp_idx-1_39 -> [27, 28, 29, 30, 31, 32, 33, 34, 35, 36, 37, 38]; after mlp3
2026-09-30 13:34:20,780 | INFO | LANE P11_check_palindrome: opp_idx_40 -> [39, 40, 41, 42, 43, 44, 45, 46, 47, 48, 49, 50]; after mlp2
2026-09-30 13:34:20,780 | INFO | LANE P11_check_palindrome: length_41 -> [8, 9, 10, 11, 12, 13, 14]; after mlp1
2026-09-30 13:34:20,780 | INFO | START P12_sorting
2026-09-30 13:34:22,184 | INFO | PASS P12_sorting: 3 layers, 5 variables, 5/5 checks
2026-09-30 13:34:22,184 | INFO | LANE P12_sorting: sorting_43 -> [55, 56, 57, 58, 59, 60, 61, 62]; after attention3
2026-09-30 13:34:22,185 | INFO | LANE P12_sorting: tokens -> [71, 72, 73, 74, 75, 76, 77, 78]; input embedding
2026-09-30 13:34:22,185 | INFO | LANE P12_sorting: target_pos_45 -> [63, 64, 65, 66, 67, 68, 69]; after mlp2
2026-09-30 13:34:22,185 | INFO | LANE P12_sorting: indices -> [0, 1, 2, 3, 4, 5]; input embedding
2026-09-30 13:34:22,185 | INFO | LANE P12_sorting: sequence_map_47 -> [7, 8, 9, 10, 11, 12, 13, 14, 15, 16, 17, 18, 19, 20, 21, 22, 23, 24, 25, 26, 27, 28, 29, 30, 31, 32, 33, 34, 35, 36, 37, 38, 39, 40, 41, 42, 43, 44, 45, 46, 47, 48, 49, 50, 51, 52, 53, 54]; after mlp1
2026-09-30 13:36:00,436 | INFO | SAVED /Users/raghul/RaspFormer/notebooks/results/tables/step1_ground_truth_schedule.json and /Users/raghul/RaspFormer/notebooks/results/tables/step1_ground_truth_schedule.md
